// Jest Snapshot v1, https://goo.gl/fbAQLP

exports[`<App /> renders correctly 1`] = `
Array [
  <RCTScrollView>
    <View>
      <View
        style={
          Array [
            Object {
              "alignItems": "center",
              "flexBasis": 0,
              "flexGrow": 1,
              "flexShrink": 1,
            },
          ]
        }
      >
        <ViewManagerAdapter_ExpoLinearGradient
          proxiedProperties={
            Object {
              "colors": Array [
                4278190208,
                4279252134,
              ],
              "endPoint": undefined,
              "locations": undefined,
              "startPoint": undefined,
            }
          }
          style={
            Object {
              "height": "200%",
              "left": 0,
              "position": "absolute",
              "right": 0,
              "top": -200,
            }
          }
        />
        <View
          p="20px"
          style={
            Array [
              Object {
                "alignItems": "center",
                "display": "flex",
                "flexDirection": "column",
                "justifyContent": "space-evenly",
                "paddingBottom": 20,
                "paddingLeft": 20,
                "paddingRight": 20,
                "paddingTop": 20,
                "width": "100%",
              },
            ]
          }
          w="100%"
        >
          <View
            align="flex-start"
            p="30px 0 0 0"
            style={
              Array [
                Object {
                  "alignItems": "flex-start",
                  "display": "flex",
                  "flexDirection": "column",
                  "justifyContent": "space-evenly",
                  "paddingBottom": 0,
                  "paddingLeft": 0,
                  "paddingRight": 0,
                  "paddingTop": 30,
                  "width": "100%",
                },
              ]
            }
            w="100%"
          >
            <Text />
            <Text
              style={
                Array [
                  Object {
                    "color": "white",
                    "fontSize": 16,
                    "paddingTop": 5,
                    "textAlign": "center",
                  },
                ]
              }
            />
          </View>
          <View
            direction="row"
            style={
              Array [
                Object {
                  "alignItems": "center",
                  "display": "flex",
                  "flexDirection": "row",
                  "justifyContent": "space-evenly",
                  "paddingBottom": 5,
                  "paddingLeft": 5,
                  "paddingRight": 5,
                  "paddingTop": 5,
                  "width": "auto",
                },
              ]
            }
          >
            <View
              style={
                Array [
                  Object {
                    "alignItems": "center",
                    "display": "flex",
                    "flexDirection": "column",
                    "justifyContent": "space-evenly",
                    "paddingBottom": 5,
                    "paddingLeft": 5,
                    "paddingRight": 5,
                    "paddingTop": 5,
                    "width": "auto",
                  },
                  Object {
                    "paddingRight": 30,
                  },
                ]
              }
            >
              <Text
                style={
                  Array [
                    Object {
                      "color": "white",
                      "fontSize": 80,
                      "fontWeight": "700",
                    },
                  ]
                }
              >
                3
              </Text>
              <Text
                colour="black"
                style={
                  Array [
                    Object {
                      "color": "white",
                      "fontSize": 16,
                      "paddingTop": 5,
                      "textAlign": "center",
                    },
                    Object {
                      "width": 80,
                    },
                  ]
                }
              >
                Weekly Goal
              </Text>
            </View>
            <View
              style={
                Array [
                  Object {
                    "alignItems": "center",
                    "display": "flex",
                    "flexDirection": "column",
                    "justifyContent": "space-evenly",
                    "paddingBottom": 5,
                    "paddingLeft": 5,
                    "paddingRight": 5,
                    "paddingTop": 5,
                    "width": "auto",
                  },
                  Object {
                    "paddingLeft": 30,
                  },
                ]
              }
            >
              <Text
                style={
                  Array [
                    Object {
                      "color": "white",
                      "fontSize": 80,
                      "fontWeight": "700",
                    },
                  ]
                }
              >
                1
              </Text>
              <Text
                colour="black"
                style={
                  Array [
                    Object {
                      "color": "white",
                      "fontSize": 16,
                      "paddingTop": 5,
                      "textAlign": "center",
                    },
                    Object {
                      "width": 100,
                    },
                  ]
                }
              >
                Completed Activities
              </Text>
            </View>
          </View>
          <Text
            colour="black"
            fontStyle="italic"
            style={
              Array [
                Object {
                  "color": "white",
                  "fontSize": 16,
                  "paddingTop": 5,
                  "textAlign": "center",
                },
                Object {
                  "paddingTop": 20,
                },
              ]
            }
          >
            Complete 2 sessions to reach your goal!
          </Text>
        </View>
        <View
          align="flex-start"
          p="20px"
          style={
            Array [
              Object {
                "alignItems": "flex-start",
                "display": "flex",
                "flexDirection": "column",
                "justifyContent": "space-evenly",
                "paddingBottom": 20,
                "paddingLeft": 20,
                "paddingRight": 20,
                "paddingTop": 20,
                "width": "100%",
              },
            ]
          }
          w="100%"
        >
          <Text
            align="left"
            style={
              Array [
                Object {
                  "color": "white",
                  "fontSize": 22,
                  "fontWeight": "700",
                  "paddingBottom": 5,
                  "paddingLeft": 5,
                  "paddingRight": 5,
                  "paddingTop": 5,
                  "textAlign": "left",
                },
              ]
            }
          >
            Small horizontal scroll
          </Text>
          <View
            direction="row"
            style={
              Array [
                Object {
                  "alignItems": "center",
                  "display": "flex",
                  "flexDirection": "row",
                  "justifyContent": "space-evenly",
                  "paddingBottom": 5,
                  "paddingLeft": 5,
                  "paddingRight": 5,
                  "paddingTop": 5,
                  "width": "100%",
                },
              ]
            }
            w="100%"
          >
            <RCTScrollView
              horizontal={true}
            >
              <View>
                <View
                  style={
                    Array [
                      Object {
                        "alignItems": "center",
                        "display": "flex",
                        "flexDirection": "column",
                        "justifyContent": "space-evenly",
                        "paddingBottom": 5,
                        "paddingLeft": 5,
                        "paddingRight": 5,
                        "paddingTop": 5,
                        "width": "auto",
                      },
                    ]
                  }
                >
                  <Image
                    source={
                      Object {
                        "uri": "https://i.imgur.com/i2a8PUc.jpg",
                      }
                    }
                    style={
                      Array [
                        Object {
                          "borderBottomLeftRadius": 10,
                          "borderBottomRightRadius": 10,
                          "borderTopRightRadius": 10,
                          "height": 150,
                          "width": 200,
                        },
                      ]
                    }
                  />
                </View>
                <View
                  style={
                    Array [
                      Object {
                        "alignItems": "center",
                        "display": "flex",
                        "flexDirection": "column",
                        "justifyContent": "space-evenly",
                        "paddingBottom": 5,
                        "paddingLeft": 5,
                        "paddingRight": 5,
                        "paddingTop": 5,
                        "width": "auto",
                      },
                    ]
                  }
                >
                  <Image
                    source={
                      Object {
                        "uri": "https://i.imgur.com/zSA6Ndb.jpg",
                      }
                    }
                    style={
                      Array [
                        Object {
                          "borderBottomLeftRadius": 10,
                          "borderBottomRightRadius": 10,
                          "borderTopRightRadius": 10,
                          "height": 150,
                          "width": 200,
                        },
                      ]
                    }
                  />
                </View>
                <View
                  style={
                    Array [
                      Object {
                        "alignItems": "center",
                        "display": "flex",
                        "flexDirection": "column",
                        "justifyContent": "space-evenly",
                        "paddingBottom": 5,
                        "paddingLeft": 5,
                        "paddingRight": 5,
                        "paddingTop": 5,
                        "width": "auto",
                      },
                    ]
                  }
                >
                  <Image
                    source={
                      Object {
                        "uri": "https://i.imgur.com/zOkbqv7.jpg",
                      }
                    }
                    style={
                      Array [
                        Object {
                          "borderBottomLeftRadius": 10,
                          "borderBottomRightRadius": 10,
                          "borderTopRightRadius": 10,
                          "height": 150,
                          "width": 200,
                        },
                      ]
                    }
                  />
                </View>
                <View
                  style={
                    Array [
                      Object {
                        "alignItems": "center",
                        "display": "flex",
                        "flexDirection": "column",
                        "justifyContent": "space-evenly",
                        "paddingBottom": 5,
                        "paddingLeft": 5,
                        "paddingRight": 5,
                        "paddingTop": 5,
                        "width": "auto",
                      },
                    ]
                  }
                >
                  <Image
                    source={
                      Object {
                        "uri": "https://i.imgur.com/kfmp725.jpg",
                      }
                    }
                    style={
                      Array [
                        Object {
                          "borderBottomLeftRadius": 10,
                          "borderBottomRightRadius": 10,
                          "borderTopRightRadius": 10,
                          "height": 150,
                          "width": 200,
                        },
                      ]
                    }
                  />
                </View>
                <View
                  style={
                    Array [
                      Object {
                        "alignItems": "center",
                        "display": "flex",
                        "flexDirection": "column",
                        "justifyContent": "space-evenly",
                        "paddingBottom": 5,
                        "paddingLeft": 5,
                        "paddingRight": 5,
                        "paddingTop": 5,
                        "width": "auto",
                      },
                    ]
                  }
                >
                  <Image
                    source={
                      Object {
                        "uri": "https://i.imgur.com/LfAVCG2.jpg",
                      }
                    }
                    style={
                      Array [
                        Object {
                          "borderBottomLeftRadius": 10,
                          "borderBottomRightRadius": 10,
                          "borderTopRightRadius": 10,
                          "height": 150,
                          "width": 200,
                        },
                      ]
                    }
                  />
                </View>
                <View
                  style={
                    Array [
                      Object {
                        "alignItems": "center",
                        "display": "flex",
                        "flexDirection": "column",
                        "justifyContent": "space-evenly",
                        "paddingBottom": 5,
                        "paddingLeft": 5,
                        "paddingRight": 5,
                        "paddingTop": 5,
                        "width": "auto",
                      },
                    ]
                  }
                >
                  <Image
                    source={
                      Object {
                        "uri": "https://i.imgur.com/CraQCpp.jpg",
                      }
                    }
                    style={
                      Array [
                        Object {
                          "borderBottomLeftRadius": 10,
                          "borderBottomRightRadius": 10,
                          "borderTopRightRadius": 10,
                          "height": 150,
                          "width": 200,
                        },
                      ]
                    }
                  />
                </View>
                <View
                  style={
                    Array [
                      Object {
                        "alignItems": "center",
                        "display": "flex",
                        "flexDirection": "column",
                        "justifyContent": "space-evenly",
                        "paddingBottom": 5,
                        "paddingLeft": 5,
                        "paddingRight": 5,
                        "paddingTop": 5,
                        "width": "auto",
                      },
                    ]
                  }
                >
                  <Image
                    source={
                      Object {
                        "uri": "https://i.imgur.com/PulYGtH.jpg",
                      }
                    }
                    style={
                      Array [
                        Object {
                          "borderBottomLeftRadius": 10,
                          "borderBottomRightRadius": 10,
                          "borderTopRightRadius": 10,
                          "height": 150,
                          "width": 200,
                        },
                      ]
                    }
                  />
                </View>
                <View
                  style={
                    Array [
                      Object {
                        "alignItems": "center",
                        "display": "flex",
                        "flexDirection": "column",
                        "justifyContent": "space-evenly",
                        "paddingBottom": 5,
                        "paddingLeft": 5,
                        "paddingRight": 5,
                        "paddingTop": 5,
                        "width": "auto",
                      },
                    ]
                  }
                >
                  <Image
                    source={
                      Object {
                        "uri": "https://i.imgur.com/6xTon8Q.jpg",
                      }
                    }
                    style={
                      Array [
                        Object {
                          "borderBottomLeftRadius": 10,
                          "borderBottomRightRadius": 10,
                          "borderTopRightRadius": 10,
                          "height": 150,
                          "width": 200,
                        },
                      ]
                    }
                  />
                </View>
                <View
                  style={
                    Array [
                      Object {
                        "alignItems": "center",
                        "display": "flex",
                        "flexDirection": "column",
                        "justifyContent": "space-evenly",
                        "paddingBottom": 5,
                        "paddingLeft": 5,
                        "paddingRight": 5,
                        "paddingTop": 5,
                        "width": "auto",
                      },
                    ]
                  }
                >
                  <Image
                    source={
                      Object {
                        "uri": "https://i.imgur.com/WLa8ZQb.jpg",
                      }
                    }
                    style={
                      Array [
                        Object {
                          "borderBottomLeftRadius": 10,
                          "borderBottomRightRadius": 10,
                          "borderTopRightRadius": 10,
                          "height": 150,
                          "width": 200,
                        },
                      ]
                    }
                  />
                </View>
                <View
                  style={
                    Array [
                      Object {
                        "alignItems": "center",
                        "display": "flex",
                        "flexDirection": "column",
                        "justifyContent": "space-evenly",
                        "paddingBottom": 5,
                        "paddingLeft": 5,
                        "paddingRight": 5,
                        "paddingTop": 5,
                        "width": "auto",
                      },
                    ]
                  }
                >
                  <Image
                    source={
                      Object {
                        "uri": "https://i.imgur.com/UOkS6t8.jpg",
                      }
                    }
                    style={
                      Array [
                        Object {
                          "borderBottomLeftRadius": 10,
                          "borderBottomRightRadius": 10,
                          "borderTopRightRadius": 10,
                          "height": 150,
                          "width": 200,
                        },
                      ]
                    }
                  />
                </View>
              </View>
            </RCTScrollView>
          </View>
        </View>
        <View
          align="flex-start"
          p="20px"
          style={
            Array [
              Object {
                "alignItems": "flex-start",
                "display": "flex",
                "flexDirection": "column",
                "justifyContent": "space-evenly",
                "paddingBottom": 20,
                "paddingLeft": 20,
                "paddingRight": 20,
                "paddingTop": 20,
                "width": "100%",
              },
            ]
          }
          w="100%"
        >
          <Text
            align="left"
            style={
              Array [
                Object {
                  "color": "white",
                  "fontSize": 22,
                  "fontWeight": "700",
                  "paddingBottom": 5,
                  "paddingLeft": 5,
                  "paddingRight": 5,
                  "paddingTop": 5,
                  "textAlign": "left",
                },
              ]
            }
          >
            Large horizontal scroll
          </Text>
          <View
            direction="row"
            style={
              Array [
                Object {
                  "alignItems": "center",
                  "display": "flex",
                  "flexDirection": "row",
                  "justifyContent": "space-evenly",
                  "paddingBottom": 5,
                  "paddingLeft": 5,
                  "paddingRight": 5,
                  "paddingTop": 5,
                  "width": "100%",
                },
              ]
            }
            w="100%"
          >
            <RCTScrollView
              horizontal={true}
            >
              <View>
                <View
                  style={
                    Array [
                      Object {
                        "alignItems": "center",
                        "display": "flex",
                        "flexDirection": "column",
                        "justifyContent": "space-evenly",
                        "paddingBottom": 5,
                        "paddingLeft": 5,
                        "paddingRight": 5,
                        "paddingTop": 5,
                        "width": "auto",
                      },
                    ]
                  }
                >
                  <Image
                    h="200px"
                    source={
                      Object {
                        "uri": "https://i.imgur.com/i2a8PUc.jpg",
                      }
                    }
                    style={
                      Array [
                        Object {
                          "borderBottomLeftRadius": 10,
                          "borderBottomRightRadius": 10,
                          "borderTopRightRadius": 10,
                          "height": 200,
                          "width": 250,
                        },
                      ]
                    }
                    w="250px"
                  />
                </View>
                <View
                  style={
                    Array [
                      Object {
                        "alignItems": "center",
                        "display": "flex",
                        "flexDirection": "column",
                        "justifyContent": "space-evenly",
                        "paddingBottom": 5,
                        "paddingLeft": 5,
                        "paddingRight": 5,
                        "paddingTop": 5,
                        "width": "auto",
                      },
                    ]
                  }
                >
                  <Image
                    h="200px"
                    source={
                      Object {
                        "uri": "https://i.imgur.com/zSA6Ndb.jpg",
                      }
                    }
                    style={
                      Array [
                        Object {
                          "borderBottomLeftRadius": 10,
                          "borderBottomRightRadius": 10,
                          "borderTopRightRadius": 10,
                          "height": 200,
                          "width": 250,
                        },
                      ]
                    }
                    w="250px"
                  />
                </View>
                <View
                  style={
                    Array [
                      Object {
                        "alignItems": "center",
                        "display": "flex",
                        "flexDirection": "column",
                        "justifyContent": "space-evenly",
                        "paddingBottom": 5,
                        "paddingLeft": 5,
                        "paddingRight": 5,
                        "paddingTop": 5,
                        "width": "auto",
                      },
                    ]
                  }
                >
                  <Image
                    h="200px"
                    source={
                      Object {
                        "uri": "https://i.imgur.com/zOkbqv7.jpg",
                      }
                    }
                    style={
                      Array [
                        Object {
                          "borderBottomLeftRadius": 10,
                          "borderBottomRightRadius": 10,
                          "borderTopRightRadius": 10,
                          "height": 200,
                          "width": 250,
                        },
                      ]
                    }
                    w="250px"
                  />
                </View>
                <View
                  style={
                    Array [
                      Object {
                        "alignItems": "center",
                        "display": "flex",
                        "flexDirection": "column",
                        "justifyContent": "space-evenly",
                        "paddingBottom": 5,
                        "paddingLeft": 5,
                        "paddingRight": 5,
                        "paddingTop": 5,
                        "width": "auto",
                      },
                    ]
                  }
                >
                  <Image
                    h="200px"
                    source={
                      Object {
                        "uri": "https://i.imgur.com/kfmp725.jpg",
                      }
                    }
                    style={
                      Array [
                        Object {
                          "borderBottomLeftRadius": 10,
                          "borderBottomRightRadius": 10,
                          "borderTopRightRadius": 10,
                          "height": 200,
                          "width": 250,
                        },
                      ]
                    }
                    w="250px"
                  />
                </View>
                <View
                  style={
                    Array [
                      Object {
                        "alignItems": "center",
                        "display": "flex",
                        "flexDirection": "column",
                        "justifyContent": "space-evenly",
                        "paddingBottom": 5,
                        "paddingLeft": 5,
                        "paddingRight": 5,
                        "paddingTop": 5,
                        "width": "auto",
                      },
                    ]
                  }
                >
                  <Image
                    h="200px"
                    source={
                      Object {
                        "uri": "https://i.imgur.com/LfAVCG2.jpg",
                      }
                    }
                    style={
                      Array [
                        Object {
                          "borderBottomLeftRadius": 10,
                          "borderBottomRightRadius": 10,
                          "borderTopRightRadius": 10,
                          "height": 200,
                          "width": 250,
                        },
                      ]
                    }
                    w="250px"
                  />
                </View>
                <View
                  style={
                    Array [
                      Object {
                        "alignItems": "center",
                        "display": "flex",
                        "flexDirection": "column",
                        "justifyContent": "space-evenly",
                        "paddingBottom": 5,
                        "paddingLeft": 5,
                        "paddingRight": 5,
                        "paddingTop": 5,
                        "width": "auto",
                      },
                    ]
                  }
                >
                  <Image
                    h="200px"
                    source={
                      Object {
                        "uri": "https://i.imgur.com/CraQCpp.jpg",
                      }
                    }
                    style={
                      Array [
                        Object {
                          "borderBottomLeftRadius": 10,
                          "borderBottomRightRadius": 10,
                          "borderTopRightRadius": 10,
                          "height": 200,
                          "width": 250,
                        },
                      ]
                    }
                    w="250px"
                  />
                </View>
                <View
                  style={
                    Array [
                      Object {
                        "alignItems": "center",
                        "display": "flex",
                        "flexDirection": "column",
                        "justifyContent": "space-evenly",
                        "paddingBottom": 5,
                        "paddingLeft": 5,
                        "paddingRight": 5,
                        "paddingTop": 5,
                        "width": "auto",
                      },
                    ]
                  }
                >
                  <Image
                    h="200px"
                    source={
                      Object {
                        "uri": "https://i.imgur.com/PulYGtH.jpg",
                      }
                    }
                    style={
                      Array [
                        Object {
                          "borderBottomLeftRadius": 10,
                          "borderBottomRightRadius": 10,
                          "borderTopRightRadius": 10,
                          "height": 200,
                          "width": 250,
                        },
                      ]
                    }
                    w="250px"
                  />
                </View>
                <View
                  style={
                    Array [
                      Object {
                        "alignItems": "center",
                        "display": "flex",
                        "flexDirection": "column",
                        "justifyContent": "space-evenly",
                        "paddingBottom": 5,
                        "paddingLeft": 5,
                        "paddingRight": 5,
                        "paddingTop": 5,
                        "width": "auto",
                      },
                    ]
                  }
                >
                  <Image
                    h="200px"
                    source={
                      Object {
                        "uri": "https://i.imgur.com/6xTon8Q.jpg",
                      }
                    }
                    style={
                      Array [
                        Object {
                          "borderBottomLeftRadius": 10,
                          "borderBottomRightRadius": 10,
                          "borderTopRightRadius": 10,
                          "height": 200,
                          "width": 250,
                        },
                      ]
                    }
                    w="250px"
                  />
                </View>
                <View
                  style={
                    Array [
                      Object {
                        "alignItems": "center",
                        "display": "flex",
                        "flexDirection": "column",
                        "justifyContent": "space-evenly",
                        "paddingBottom": 5,
                        "paddingLeft": 5,
                        "paddingRight": 5,
                        "paddingTop": 5,
                        "width": "auto",
                      },
                    ]
                  }
                >
                  <Image
                    h="200px"
                    source={
                      Object {
                        "uri": "https://i.imgur.com/WLa8ZQb.jpg",
                      }
                    }
                    style={
                      Array [
                        Object {
                          "borderBottomLeftRadius": 10,
                          "borderBottomRightRadius": 10,
                          "borderTopRightRadius": 10,
                          "height": 200,
                          "width": 250,
                        },
                      ]
                    }
                    w="250px"
                  />
                </View>
                <View
                  style={
                    Array [
                      Object {
                        "alignItems": "center",
                        "display": "flex",
                        "flexDirection": "column",
                        "justifyContent": "space-evenly",
                        "paddingBottom": 5,
                        "paddingLeft": 5,
                        "paddingRight": 5,
                        "paddingTop": 5,
                        "width": "auto",
                      },
                    ]
                  }
                >
                  <Image
                    h="200px"
                    source={
                      Object {
                        "uri": "https://i.imgur.com/UOkS6t8.jpg",
                      }
                    }
                    style={
                      Array [
                        Object {
                          "borderBottomLeftRadius": 10,
                          "borderBottomRightRadius": 10,
                          "borderTopRightRadius": 10,
                          "height": 200,
                          "width": 250,
                        },
                      ]
                    }
                    w="250px"
                  />
                </View>
              </View>
            </RCTScrollView>
          </View>
        </View>
      </View>
    </View>
  </RCTScrollView>,
  <View
    style={
      Array [
        Object {
          "backgroundColor": "#000080",
          "display": "flex",
          "flexDirection": "row",
          "justifyContent": "space-evenly",
          "paddingBottom": 10,
          "paddingLeft": 0,
          "paddingRight": 0,
          "paddingTop": 10,
          "width": "100%",
        },
      ]
    }
  >
    <View
      style={
        Array [
          Object {
            "alignItems": "center",
            "display": "flex",
            "flexDirection": "column",
            "justifyContent": "space-evenly",
            "paddingBottom": 5,
            "paddingLeft": 5,
            "paddingRight": 5,
            "paddingTop": 5,
            "width": "auto",
          },
        ]
      }
    >
      <Text />
      <Text
        style={
          Array [
            Object {
              "color": "white",
              "fontSize": 16,
              "paddingTop": 5,
              "textAlign": "center",
            },
          ]
        }
      >
        Home
      </Text>
    </View>
    <View
      style={
        Array [
          Object {
            "alignItems": "center",
            "display": "flex",
            "flexDirection": "column",
            "justifyContent": "space-evenly",
            "paddingBottom": 5,
            "paddingLeft": 5,
            "paddingRight": 5,
            "paddingTop": 5,
            "width": "auto",
          },
        ]
      }
    >
      <Text />
      <Text
        style={
          Array [
            Object {
              "color": "white",
              "fontSize": 16,
              "paddingTop": 5,
              "textAlign": "center",
            },
          ]
        }
      >
        Search
      </Text>
    </View>
    <View
      style={
        Array [
          Object {
            "alignItems": "center",
            "display": "flex",
            "flexDirection": "column",
            "justifyContent": "space-evenly",
            "paddingBottom": 5,
            "paddingLeft": 5,
            "paddingRight": 5,
            "paddingTop": 5,
            "width": "auto",
          },
        ]
      }
    >
      <Text />
      <Text
        style={
          Array [
            Object {
              "color": "white",
              "fontSize": 16,
              "paddingTop": 5,
              "textAlign": "center",
            },
          ]
        }
      >
        Explore
      </Text>
    </View>
    <View
      style={
        Array [
          Object {
            "alignItems": "center",
            "display": "flex",
            "flexDirection": "column",
            "justifyContent": "space-evenly",
            "paddingBottom": 5,
            "paddingLeft": 5,
            "paddingRight": 5,
            "paddingTop": 5,
            "width": "auto",
          },
        ]
      }
    >
      <Text />
      <Text
        style={
          Array [
            Object {
              "color": "white",
              "fontSize": 16,
              "paddingTop": 5,
              "textAlign": "center",
            },
          ]
        }
      >
        Me
      </Text>
    </View>
  </View>,
]
`;
